// Jest Snapshot v1, https://goo.gl/fbAQLP

exports[`<SummaryItemListScreen /> should match snapshot 1`] = `
<RCTScrollView
  contentContainerStyle={
    Object {
      "flexGrow": 1,
    }
  }
>
  <View>
    <View
      style={
        Object {
          "backgroundColor": "#5f0c38",
          "flex": 1,
        }
      }
    >
      <Text
        style={
          Object {
            "alignSelf": "center",
            "color": "#bbb",
            "fontSize": 20,
            "fontVariant": Array [
              "small-caps",
            ],
            "marginBottom": 20,
            "marginTop": 15,
          }
        }
      >
        TALLENNETUT ISTUNNOT
      </Text>
      <RNGestureHandlerButton
        collapsable={false}
        onGestureEvent={[Function]}
        onGestureHandlerEvent={[Function]}
        onGestureHandlerStateChange={[Function]}
        onHandlerStateChange={[Function]}
        rippleColor={0}
        style={
          Array [
            Object {
              "overflow": "hidden",
            },
            undefined,
          ]
        }
      >
        <View
          accessible={true}
          style={
            Object {
              "opacity": 1,
            }
          }
        >
          <View
            style={
              Object {
                "backgroundColor": "rgba(0,0,0,0.2)",
                "flexDirection": "row",
                "justifyContent": "center",
                "marginBottom": 10,
                "padding": 7,
              }
            }
          >
            <Text
              style={
                Object {
                  "color": "white",
                  "fontSize": 20,
                }
              }
            >
              
            </Text>
          </View>
        </View>
      </RNGestureHandlerButton>
    </View>
  </View>
</RCTScrollView>
`;
